<?xml version="1.0" encoding="utf-8" standalone="no"?>
<test-results xmlns:xsi="http://www.w3.org/2001/XMLSchema-instance" xsi:noNamespaceSchemaLocation="nunit_schema_2.5.xsd" name="Pester" total="1" errors="0" failures="1" not-run="0" inconclusive="0" ignored="0" skipped="0" invalid="0" date="2026-08-31" time="00:09:35">
  <environment cwd="C:\src\git\gh\JohnLudlow\agents" user="johnl" nunit-version="2.5.8.0" os-version="10.0.26200" platform="Microsoft Windows 11 Home|C:\WINDOWS|\Device\Harddisk0\Partition4" machine-name="FALCON" clr-version="" user-domain="FALCON" />
  <culture-info current-culture="en-GB" current-uiculture="en-GB" />
  <test-suite type="Powershell" name="Pester" executed="True" result="Failure" success="False" time="0.0697" asserts="0">
    <results>
      <test-suite type="TestFixture" name="Error in C:\src\git\gh\JohnLudlow\agents\.apm\skills\jl-recon\tests\pester\markdown-labels.tests.ps1" executed="True" result="Failure" success="False" time="0.0697" asserts="0" description="Error in C:\src\git\gh\JohnLudlow\agents\.apm\skills\jl-recon\tests\pester\markdown-labels.tests.ps1">
        <results>
          <test-case description="Error occurred in test script 'C:\src\git\gh\JohnLudlow\agents\.apm\skills\jl-recon\tests\pester\markdown-labels.tests.ps1'" name="Error in C:\src\git\gh\JohnLudlow\agents\.apm\skills\jl-recon\tests\pester\markdown-labels.tests.ps1.Error occurred in test script 'C:\src\git\gh\JohnLudlow\agents\.apm\skills\jl-recon\tests\pester\markdown-labels.tests.ps1'" time="0.0697" asserts="0" success="False" result="Failure" executed="True">
            <failure>
              <message>The BeforeAll command may only be used inside a Describe block.</message>
              <stack-trace>at Assert-DescribeInProgress, C:\Program Files\WindowsPowerShell\Modules\Pester\3.4.0\Functions\Describe.ps1: line 125</stack-trace>
            </failure>
          </test-case>
        </results>
      </test-suite>
    </results>
  </test-suite>
</test-results>